; Архиватор RAR
; Порядок файлов для помещения в непрерывные (solid) архивы
;
; Вы можете сами модифицировать этот список файлов, указывающий RAR/WinRAR,
; в каком порядке необходимо добавлять файлы в непрерывный архив.
;
; В этом файле можно указывать как имена, так и маски файлов (шаблоны).
; Кроме того, с помощью особого элемента - $default - вы можете определить
; место в списке для тех файлов, которые не соответствуют никакому другому
; критерию, указанному в этом файле. Строки, начинающиеся с символа
; точки с запятой (;), считаются комментариями и не обрабатываются.
;
; Поместите этот файл в тот же каталог, что и RAR.EXE и/или WinRAR.EXE.
;
; Советы по повышению степени сжатия и скорости выполнения операций:
;
; - файлы, содержащие похожую информацию, должны быть сгруппированы в
;   непрерывном архиве максимально близко;
; - файлы, к которым вы планируете обращаться чаще всего, должны находиться
;   в начале непрерывного архива.
;
; Обычно маски следует располагать ближе к началу списка, чтобы они имели
; более высокий приоритет, однако из этого правила есть исключение. Если
; RarFiles.lst содержит такие две маски, для которых выполняется условие,
; что все файлы, подходящие под первую маску, также подходят и под вторую,
; более высокий приоритет будет у маски, указывающей на меньшее
; подмножество, вне зависимости от её расположения. Например, при указании
; масок *.cpp и f*.cpp более высокий приоритет окажется у маски f*.cpp,
; поэтому расположение в архиве файла 'filename.cpp' будет выбрано
; в соответствии с 'f*.cpp', а не с '*.cpp'.
;
file_id.diz
descript.ion
read.*
readme.*
*.nfo
*.doc
*.txt
*.htm
*.html
*.shtml
*.css
*.xsl
*.xml
*.js
*.php
*.lst
*.log
*.ini
*.bat
*.cmd
*.h
*.hpp
*.c
*.cpp
*.java
*.asm
*.bas
*.bak
*.cue
*.rtf
*.hlp
*.inf
*.com
*.exe
*.dll
*.obj
*.lib
*.sys
*.drv
*.bin
*.bmp
*.wav
$default
*.mp3
*.mp4
*.m4a
*.mov
*.avi
*.wmv
*.wma
*.gif
*.tif
*.png
*.jpg
*.chm
*.pdf
*.cab
*.7z
*.arj
*.ha
*.lz
*.lzh
*.rar
*.zip
*.gz
*.bz2
*.xz
*.jar
*.fla
*.flac
*.ape
*.bik
*.mkv
